[    0.000000] Linux version 4.15.0-212-generic (buildd@lcy02-amd64-083) (gcc version 7.5.0 (Ubuntu 7.5.0-3ubuntu1~18.04)) #223-Ubuntu SMP Tue May 23 13:09:22 UTC 2023 (Ubuntu 4.15.0-212.223-generic 4.15.18)
[    0.000000] Command line: BOOT_IMAGE=/boot/vmlinuz-4.15.0-212-generic root=LABEL=cloudimg-rootfs ro console=tty1 console=ttyS0
[    0.000000] KERNEL supported cpus:
[    0.000000]   Intel GenuineIntel
[    0.000000]   AMD AuthenticAMD
[    0.000000]   Centaur CentaurHauls
[    0.000000] [Firmware Bug]: TSC doesn't count with P0 frequency!
[    0.000000] x86/fpu: Supporting XSAVE feature 0x001: 'x87 floating point registers'
[    0.000000] x86/fpu: Supporting XSAVE feature 0x002: 'SSE registers'
[    0.000000] x86/fpu: Supporting XSAVE feature 0x004: 'AVX registers'
[    0.000000] x86/fpu: xstate_offset[2]:  576, xstate_sizes[2]:  256
[    0.000000] x86/fpu: Enabled xstate features 0x7, context size is 832 bytes, using 'standard' format.
[    0.000000] e820: BIOS-provided physical RAM map:
[    0.000000] BIOS-e820: [mem 0x0000000000000000-0x000000000009fbff] usable
[    0.000000] BIOS-e820: [mem 0x000000000009fc00-0x000000000009ffff] reserved
[    0.000000] BIOS-e820: [mem 0x00000000000f0000-0x00000000000fffff] reserved
[    0.000000] BIOS-e820: [mem 0x0000000000100000-0x000000007ffeffff] usable
[    0.000000] BIOS-e820: [mem 0x000000007fff0000-0x000000007fffffff] ACPI data
[    0.000000] BIOS-e820: [mem 0x00000000fec00000-0x00000000fec00fff] reserved
[    0.000000] BIOS-e820: [mem 0x00000000fee00000-0x00000000fee00fff] reserved
[    0.000000] BIOS-e820: [mem 0x00000000fffc0000-0x00000000ffffffff] reserved
[    0.000000] NX (Execute Disable) protection: active
[    0.000000] SMBIOS 2.5 present.
[    0.000000] DMI: innotek GmbH VirtualBox/VirtualBox, BIOS VirtualBox 12/01/2006
[    0.000000] Hypervisor detected: KVM
[    0.000000] e820: last_pfn = 0x7fff0 max_arch_pfn = 0x400000000
[    0.000000] x86/PAT: Configuration [0-7]: WB  WC  UC- UC  WB  WP  UC- WT  
[    0.000000] found SMP MP-table at [mem 0x0009fbf0-0x0009fbff]
[    0.000000] Scanning 1 areas for low memory corruption
[    0.000000] RAMDISK: [mem 0x359cb000-0x36cdcfff]
[    0.000000] ACPI: Early table checksum verification disabled
[    0.000000] ACPI: RSDP 0x00000000000E0000 000024 (v02 VBOX  )
[    0.000000] ACPI: XSDT 0x000000007FFF0030 00003C (v01 VBOX   VBOXXSDT 00000001 ASL  00000061)
[    0.000000] ACPI: FACP 0x000000007FFF00F0 0000F4 (v04 VBOX   VBOXFACP 00000001 ASL  00000061)
[    0.000000] ACPI: DSDT 0x000000007FFF0610 002353 (v02 VBOX   VBOXBIOS 00000002 INTL 20200925)
[    0.000000] ACPI: FACS 0x000000007FFF0200 000040
[    0.000000] ACPI: FACS 0x000000007FFF0200 000040
[    0.000000] ACPI: APIC 0x000000007FFF0240 00005C (v02 VBOX   VBOXAPIC 00000001 ASL  00000061)
[    0.000000] ACPI: SSDT 0x000000007FFF02A0 00036C (v01 VBOX   VBOXCPUT 00000002 INTL 20200925)
[    0.000000] ACPI: Reserving FACP table memory at [mem 0x7fff00f0-0x7fff01e3]
[    0.000000] ACPI: Reserving DSDT table memory at [mem 0x7fff0610-0x7fff2962]
[    0.000000] ACPI: Reserving FACS table memory at [mem 0x7fff0200-0x7fff023f]
[    0.000000] ACPI: Reserving FACS table memory at [mem 0x7fff0200-0x7fff023f]
[    0.000000] ACPI: Reserving APIC table memory at [mem 0x7fff0240-0x7fff029b]
[    0.000000] ACPI: Reserving SSDT table memory at [mem 0x7fff02a0-0x7fff060b]
[    0.000000] No NUMA configuration found
[    0.000000] Faking a node at [mem 0x0000000000000000-0x000000007ffeffff]
[    0.000000] NODE_DATA(0) allocated [mem 0x7ffc5000-0x7ffeffff]
[    0.000000] kvm-clock: cpu 0, msr 0:7ff44001, primary cpu clock
[    0.000000] kvm-clock: Using msrs 4b564d01 and 4b564d00
[    0.000000] kvm-clock: using sched offset of 3039430379 cycles
[    0.000000] clocksource: kvm-clock: mask: 0xffffffffffffffff max_cycles: 0x1cd42e4dffb, max_idle_ns: 881590591483 ns
[    0.000000] Zone ranges:
[    0.000000]   DMA      [mem 0x0000000000001000-0x0000000000ffffff]
[    0.000000]   DMA32    [mem 0x0000000001000000-0x000000007ffeffff]
[    0.000000]   Normal   empty
[    0.000000]   Device   empty
[    0.000000] Movable zone start for each node
[    0.000000] Early memory node ranges
[    0.000000]   node   0: [mem 0x0000000000001000-0x000000000009efff]
[    0.000000]   node   0: [mem 0x0000000000100000-0x000000007ffeffff]
[    0.000000] Reserved but unavailable: 104 pages
[    0.000000] Initmem setup node 0 [mem 0x0000000000001000-0x000000007ffeffff]
[    0.000000] ACPI: PM-Timer IO Port: 0x4008
[    0.000000] IOAPIC[0]: apic_id 2, version 32, address 0xfec00000, GSI 0-23
[    0.000000] ACPI: INT_SRC_OVR (bus 0 bus_irq 0 global_irq 2 dfl dfl)
[    0.000000] ACPI: INT_SRC_OVR (bus 0 bus_irq 9 global_irq 9 low level)
[    0.000000] Using ACPI (MADT) for SMP configuration information
[    0.000000] smpboot: Allowing 2 CPUs, 0 hotplug CPUs
[    0.000000] PM: Registered nosave memory: [mem 0x00000000-0x00000fff]
[    0.000000] PM: Registered nosave memory: [mem 0x0009f000-0x0009ffff]
[    0.000000] PM: Registered nosave memory: [mem 0x000a0000-0x000effff]
[    0.000000] PM: Registered nosave memory: [mem 0x000f0000-0x000fffff]
[    0.000000] e820: [mem 0x80000000-0xfebfffff] available for PCI devices
[    0.000000] Booting paravirtualized kernel on KVM
[    0.000000] clocksource: refined-jiffies: mask: 0xffffffff max_cycles: 0xffffffff, max_idle_ns: 7645519600211568 ns
[    0.000000] setup_percpu: NR_CPUS:8192 nr_cpumask_bits:2 nr_cpu_ids:2 nr_node_ids:1
[    0.000000] percpu: Embedded 50 pages/cpu s167936 r8192 d28672 u1048576
[    0.000000] PV qspinlock hash table entries: 256 (order: 0, 4096 bytes)
[    0.000000] Built 1 zonelists, mobility grouping on.  Total pages: 515961
[    0.000000] Policy zone: DMA32
[    0.000000] Kernel command line: BOOT_IMAGE=/boot/vmlinuz-4.15.0-212-generic root=LABEL=cloudimg-rootfs ro console=tty1 console=ttyS0
[    0.000000] Memory: 2014836K/2096696K available (12300K kernel code, 2477K rwdata, 4324K rodata, 2480K init, 2720K bss, 81860K reserved, 0K cma-reserved)
[    0.000000] SLUB: HWalign=64, Order=0-3, MinObjects=0, CPUs=2, Nodes=1
[    0.000000] ftrace: allocating 39508 entries in 155 pages
[    0.004000] Hierarchical RCU implementation.
[    0.004000] 	RCU restricting CPUs from NR_CPUS=8192 to nr_cpu_ids=2.
[    0.004000] 	Tasks RCU enabled.
[    0.004000] RCU: Adjusting geometry for rcu_fanout_leaf=16, nr_cpu_ids=2
[    0.004000] NR_IRQS: 524544, nr_irqs: 440, preallocated irqs: 16
[    0.004000] random: crng init done
[    0.004000] Console: colour VGA+ 80x25
[    0.004000] console [tty1] enabled
[    0.004000] console [ttyS0] enabled
[    0.004000] ACPI: Core revision 20170831
[    0.004000] ACPI: 2 ACPI AML tables successfully acquired and loaded
[    0.004000] APIC: Switch to symmetric I/O mode setup
[    0.004000] x2apic enabled
[    0.004000] Switched APIC routing to physical x2apic.
[    0.004000] ..TIMER: vector=0x30 apic1=0 pin1=2 apic2=-1 pin2=-1
[    0.004000] tsc: Detected 3393.620 MHz processor
[    0.004000] Calibrating delay loop (skipped) preset value.. 6787.24 BogoMIPS (lpj=13574480)
[    0.004000] pid_max: default: 32768 minimum: 301
[    0.004000] Security Framework initialized
[    0.004000] Yama: becoming mindful.
[    0.004000] AppArmor: AppArmor initialized
[    0.004000] Dentry cache hash table entries: 262144 (order: 9, 2097152 bytes)
[    0.004000] Inode-cache hash table entries: 131072 (order: 8, 1048576 bytes)
[    0.004000] Mount-cache hash table entries: 4096 (order: 3, 32768 bytes)
[    0.004000] Mountpoint-cache hash table entries: 4096 (order: 3, 32768 bytes)
[    0.004000] Last level iTLB entries: 4KB 1024, 2MB 1024, 4MB 512
[    0.004000] Last level dTLB entries: 4KB 1536, 2MB 1536, 4MB 768, 1GB 0
[    0.004000] Spectre V1 : Mitigation: usercopy/swapgs barriers and __user pointer sanitization
[    0.004000] Spectre V2 : Mitigation: Retpolines
[    0.004000] Spectre V2 : Spectre v2 / SpectreRSB mitigation: Filling RSB on context switch
[    0.004000] Spectre V2 : Spectre v2 / SpectreRSB : Filling RSB on VMEXIT
[    0.004000] RETBleed: Vulnerable
[    0.004000] Freeing SMP alternatives memory: 36K
[    0.126336] APIC calibration not consistent with PM-Timer: 110ms instead of 100ms
[    0.127533] APIC delta adjusted to PM-Timer: 6452727 (7120563)
[    0.128053] smpboot: CPU0: AMD Ryzen 5 2600 Six-Core Processor (family: 0x17, model: 0x8, stepping: 0x2)
[    0.129396] Performance Events: PMU not available due to virtualization, using software events only.
[    0.130736] Hierarchical SRCU implementation.
[    0.131809] NMI watchdog: Perf event create on CPU 0 failed with -2
[    0.132006] NMI watchdog: Perf NMI watchdog permanently disabled
[    0.132883] smp: Bringing up secondary CPUs ...
[    0.133680] x86: Booting SMP configuration:
[    0.134303] .... node  #0, CPUs:      #1
[    0.004000] kvm-clock: cpu 1, msr 0:7ff44041, secondary cpu clock
[    0.140049] smp: Brought up 1 node, 2 CPUs
[    0.140598] smpboot: Max logical packages: 1
[    0.141222] smpboot: Total of 2 processors activated (13574.48 BogoMIPS)
[    0.142486] devtmpfs: initialized
[    0.142486] x86/mm: Memory block size: 128MB
[    0.144036] evm: security.selinux
[    0.144596] evm: security.SMACK64
[    0.145084] evm: security.SMACK64EXEC
[    0.145650] evm: security.SMACK64TRANSMUTE
[    0.146255] evm: security.SMACK64MMAP
[    0.146864] evm: security.apparmor
[    0.147373] evm: security.ima
[    0.147822] evm: security.capability
[    0.148067] clocksource: jiffies: mask: 0xffffffff max_cycles: 0xffffffff, max_idle_ns: 7645041785100000 ns
[    0.151264] futex hash table entries: 512 (order: 3, 32768 bytes)
[    0.152063] pinctrl core: initialized pinctrl subsystem
[    0.153493] RTC time: 10:11:58, date: 01/21/25
[    0.154651] NET: Registered protocol family 16
[    0.156093] audit: initializing netlink subsys (disabled)
[    0.157388] audit: type=2000 audit(1737454322.737:1): state=initialized audit_enabled=0 res=1
[    0.157388] cpuidle: using governor ladder
[    0.160008] cpuidle: using governor menu
[    0.162302] ACPI: bus type PCI registered
[    0.162302] acpiphp: ACPI Hot Plug PCI Controller Driver version: 0.5
[    0.164104] PCI: Using configuration type 1 for base access
[    0.165399] PCI: Using configuration type 1 for extended access
[    0.169681] HugeTLB registered 2.00 MiB page size, pre-allocated 0 pages
[    0.172098] ACPI: Added _OSI(Module Device)
[    0.172940] ACPI: Added _OSI(Processor Device)
[    0.173750] ACPI: Added _OSI(3.0 _SCP Extensions)
[    0.174693] ACPI: Added _OSI(Processor Aggregator Device)
[    0.175823] ACPI: Added _OSI(Linux-Dell-Video)
[    0.176010] ACPI: Added _OSI(Linux-Lenovo-NV-HDMI-Audio)
[    0.177200] ACPI: Added _OSI(Linux-HPI-Hybrid-Graphics)
[    0.178211] ACPI: Executed 1 blocks of module-level executable AML code
[    0.182664] ACPI: Interpreter enabled
[    0.183290] ACPI: (supports S0 S5)
[    0.184003] ACPI: Using IOAPIC for interrupt routing
[    0.184965] PCI: Using host bridge windows from ACPI; if necessary, use "pci=nocrs" and report a bug
[    0.186360] ACPI: Enabled 2 GPEs in block 00 to 07
[    0.191424] ACPI: PCI Root Bridge [PCI0] (domain 0000 [bus 00-ff])
[    0.192000] acpi PNP0A03:00: _OSC: OS supports [ExtendedConfig ASPM ClockPM Segments MSI]
[    0.196255] acpi PNP0A03:00: _OSC: platform does not support [PCIeCapability]
[    0.197932] acpi PNP0A03:00: _OSC: not requesting control; platform does not support [PCIeCapability]
[    0.199250] acpi PNP0A03:00: _OSC: OS requested [PCIeHotplug PME AER PCIeCapability]
[    0.200000] acpi PNP0A03:00: _OSC: platform willing to grant [PCIeHotplug PME AER]
[    0.204003] acpi PNP0A03:00: _OSC failed (AE_SUPPORT); disabling ASPM
[    0.205227] PCI host bridge to bus 0000:00
[    0.206874] pci_bus 0000:00: root bus resource [io  0x0000-0x0cf7 window]
[    0.208003] pci_bus 0000:00: root bus resource [io  0x0d00-0xffff window]
[    0.208978] pci_bus 0000:00: root bus resource [mem 0x000a0000-0x000bffff window]
[    0.210077] pci_bus 0000:00: root bus resource [mem 0x80000000-0xfdffffff window]
[    0.212003] pci_bus 0000:00: root bus resource [bus 00-ff]
[    0.213832] pci 0000:00:01.1: legacy IDE quirk: reg 0x10: [io  0x01f0-0x01f7]
[    0.214876] pci 0000:00:01.1: legacy IDE quirk: reg 0x14: [io  0x03f6]
[    0.215782] pci 0000:00:01.1: legacy IDE quirk: reg 0x18: [io  0x0170-0x0177]
[    0.216000] pci 0000:00:01.1: legacy IDE quirk: reg 0x1c: [io  0x0376]
[    0.238425] pci 0000:00:07.0: quirk: [io  0x4000-0x403f] claimed by PIIX4 ACPI
[    0.239591] pci 0000:00:07.0: quirk: [io  0x4100-0x410f] claimed by PIIX4 SMB
[    0.254356] ACPI: PCI Interrupt Link [LNKA] (IRQs 5 9 10 *11)
[    0.255557] ACPI: PCI Interrupt Link [LNKB] (IRQs 5 9 *10 11)
[    0.256085] ACPI: PCI Interrupt Link [LNKC] (IRQs 5 *9 10 11)
[    0.257185] ACPI: PCI Interrupt Link [LNKD] (IRQs 5 9 10 *11)
[    0.258764] SCSI subsystem initialized
[    0.260047] pci 0000:00:02.0: vgaarb: setting as boot VGA device
[    0.261061] pci 0000:00:02.0: vgaarb: VGA device added: decodes=io+mem,owns=io+mem,locks=none
[    0.262534] pci 0000:00:02.0: vgaarb: bridge control possible
[    0.263544] vgaarb: loaded
[    0.264042] ACPI: bus type USB registered
[    0.264996] usbcore: registered new interface driver usbfs
[    0.266151] usbcore: registered new interface driver hub
[    0.267073] usbcore: registered new device driver usb
[    0.268064] EDAC MC: Ver: 3.0.0
[    0.268732] PCI: Using ACPI for IRQ routing
[    0.268898] NetLabel: Initializing
[    0.269514] NetLabel:  domain hash size = 128
[    0.270270] NetLabel:  protocols = UNLABELED CIPSOv4 CALIPSO
[    0.272014] NetLabel:  unlabeled traffic allowed by default
[    0.272910] clocksource: Switched to clocksource kvm-clock
[    0.280068] VFS: Disk quotas dquot_6.6.0
[    0.280068] VFS: Dquot-cache hash table entries: 512 (order 0, 4096 bytes)
[    0.280068] AppArmor: AppArmor Filesystem Enabled
[    0.280068] pnp: PnP ACPI init
[    0.280068] pnp: PnP ACPI: found 3 devices
[    0.296531] clocksource: acpi_pm: mask: 0xffffff max_cycles: 0xffffff, max_idle_ns: 2085701024 ns
[    0.297973] NET: Registered protocol family 2
[    0.298669] IP idents hash table entries: 32768 (order: 6, 262144 bytes)
[    0.299832] TCP established hash table entries: 16384 (order: 5, 131072 bytes)
[    0.300929] TCP bind hash table entries: 16384 (order: 6, 262144 bytes)
[    0.302302] TCP: Hash tables configured (established 16384 bind 16384)
[    0.303201] UDP hash table entries: 1024 (order: 3, 32768 bytes)
[    0.304077] UDP-Lite hash table entries: 1024 (order: 3, 32768 bytes)
[    0.304898] NET: Registered protocol family 1
[    0.304898] pci 0000:00:00.0: Limiting direct PCI/PCI transfers
[    0.304898] pci 0000:00:01.0: Activating ISA DMA hang workarounds
[    0.304898] pci 0000:00:02.0: Video device with shadowed ROM at [mem 0x000c0000-0x000dffff]
[    0.304898] Unpacking initramfs...
[    0.304898] Freeing initrd memory: 19528K
[    0.304898] clocksource: tsc: mask: 0xffffffffffffffff max_cycles: 0x30eac3f3011, max_idle_ns: 440795332092 ns
[    0.304898] platform rtc_cmos: registered platform RTC device (no PNP device found)
[    0.304898] Scanning for low memory corruption every 60 seconds
[    0.554357] Initialise system trusted keyrings
[    0.555019] Key type blacklist registered
[    0.555735] workingset: timestamp_bits=36 max_order=19 bucket_order=0
[    0.558671] zbud: loaded
[    0.559859] squashfs: version 4.0 (2009/01/31) Phillip Lougher
[    0.560955] fuse init (API version 7.26)
[    0.564585] Key type asymmetric registered
[    0.565140] Asymmetric key parser 'x509' registered
[    0.565790] Block layer SCSI generic (bsg) driver version 0.4 loaded (major 246)
[    0.566785] io scheduler noop registered
[    0.567752] io scheduler deadline registered
[    0.568778] io scheduler cfq registered (default)
[    0.570824] ACPI: AC Adapter [AC] (on-line)
[    0.572473] input: Power Button as /devices/LNXSYSTM:00/LNXPWRBN:00/input/input0
[    0.574655] ACPI: Power Button [PWRF]
[    0.575635] input: Sleep Button as /devices/LNXSYSTM:00/LNXSLPBN:00/input/input1
[    0.578631] ACPI: Sleep Button [SLPF]
[    0.579940] Serial: 8250/16550 driver, 32 ports, IRQ sharing enabled
[    0.601308] 00:02: ttyS0 at I/O 0x3f8 (irq = 4, base_baud = 115200) is a 16550A
[    0.604825] Linux agpgart interface v0.103
[    0.606958] loop: module loaded
[    0.607928] scsi host0: ata_piix
[    0.608691] scsi host1: ata_piix
[    0.609426] ata1: PATA max UDMA/33 cmd 0x1f0 ctl 0x3f6 bmdma 0xd000 irq 14
[    0.610730] ata2: PATA max UDMA/33 cmd 0x170 ctl 0x376 bmdma 0xd008 irq 15
[    0.612129] tun: Universal TUN/TAP device driver, 1.6
[    0.613178] PPP generic driver version 2.4.2
[    0.613898] ehci_hcd: USB 2.0 'Enhanced' Host Controller (EHCI) Driver
[    0.614880] ehci-pci: EHCI PCI platform driver
[    0.615592] ehci-platform: EHCI generic platform driver
[    0.616358] ohci_hcd: USB 1.1 'Open' Host Controller (OHCI) Driver
[    0.617290] ohci-pci: OHCI PCI platform driver
[    0.618002] ohci-platform: OHCI generic platform driver
[    0.618811] uhci_hcd: USB Universal Host Controller Interface driver
[    0.619831] i8042: PNP: PS/2 Controller [PNP0303:PS2K,PNP0f03:PS2M] at 0x60,0x64 irq 1,12
[    0.621882] serio: i8042 KBD port at 0x60,0x64 irq 1
[    0.622683] serio: i8042 AUX port at 0x60,0x64 irq 12
[    0.623600] mousedev: PS/2 mouse device common for all mice
[    0.624685] input: AT Translated Set 2 keyboard as /devices/platform/i8042/serio0/input/input2
[    0.626239] rtc_cmos rtc_cmos: rtc core: registered rtc_cmos as rtc0
[    0.627216] rtc_cmos rtc_cmos: alarms up to one day, 114 bytes nvram
[    0.628153] i2c /dev entries driver
[    0.628779] device-mapper: uevent: version 1.0.3
[    0.630121] device-mapper: ioctl: 4.37.0-ioctl (2017-09-20) initialised: dm-devel@redhat.com
[    0.632517] ledtrig-cpu: registered to indicate activity on CPUs
[    0.634053] NET: Registered protocol family 10
[    0.639556] Segment Routing with IPv6
[    0.640514] NET: Registered protocol family 17
[    0.641373] Key type dns_resolver registered
[    0.642908] mce: Using 0 MCE banks
[    0.644003] RAS: Correctable Errors collector initialized.
[    0.645630] sched_clock: Marking stable (645579202, 0)->(779865360, -134286158)
[    0.648363] registered taskstats version 1
[    0.649890] Loading compiled-in X.509 certificates
[    0.653015] Loaded X.509 cert 'Build time autogenerated kernel key: b5b26778eaa3ab3a4a6cee031137706e947d12ad'
[    0.655051] Loaded X.509 cert 'Canonical Ltd. Live Patch Signing: 14df34d1a87cf37625abec039ef2bf521249b969'
[    0.657115] Loaded X.509 cert 'Canonical Ltd. Kernel Module Signing: 88f752e560a1e0737e31163a466ad7b70a850c19'
[    0.658676] blacklist: Loading compiled-in revocation X.509 certificates
[    0.659732] Loaded X.509 cert 'Canonical Ltd. Secure Boot Signing: 61482aa2830d0ab2ad5af10b7250da9033ddcef0'
[    0.661330] Loaded X.509 cert 'Canonical Ltd. Secure Boot Signing (2017): 242ade75ac4a15e50d50c84b0d45ff3eae707a03'
[    0.663020] Loaded X.509 cert 'Canonical Ltd. Secure Boot Signing (ESM 2018): 365188c1d374d6b07c3c8f240f8ef722433d6a8b'
[    0.664748] Loaded X.509 cert 'Canonical Ltd. Secure Boot Signing (2019): c0746fd6c5da3ae827864651ad66ae47fe24b3e8'
[    0.666401] Loaded X.509 cert 'Canonical Ltd. Secure Boot Signing (2021 v1): a8d54bbb3825cfb94fa13c9f8a594a195c107b8d'
[    0.668111] Loaded X.509 cert 'Canonical Ltd. Secure Boot Signing (2021 v2): 4cf046892d6fd3c9a5b03f98d845f90851dc6a8c'
[    0.669784] Loaded X.509 cert 'Canonical Ltd. Secure Boot Signing (2021 v3): 100437bb6de6e469b581e61cd66bce3ef4ed53af'
[    0.671493] Loaded X.509 cert 'Canonical Ltd. Secure Boot Signing (Ubuntu Core 2019): c1d57b8f6b743f23ee41f4f7ee292f06eecadfb9'
[    0.673327] zswap: loaded using pool lzo/zbud
[    0.677482] Key type big_key registered
[    0.678147] Key type trusted registered
[    0.680471] Key type encrypted registered
[    0.681174] AppArmor: AppArmor sha1 policy hashing enabled
[    0.682056] ima: No TPM chip found, activating TPM-bypass! (rc=-19)
[    0.683054] ima: Allocated hash algorithm: sha1
[    0.683825] evm: HMAC attrs: 0x1
[    0.684511]   Magic number: 9:223:174
[    0.685108] rtc_cmos rtc_cmos: setting system clock to 2025-01-21 10:11:58 UTC (1737454318)
[    0.686274] BIOS EDD facility v0.16 2004-Jun-25, 0 devices found
[    0.687045] EDD information not available.
[    0.799040] Freeing unused kernel image memory: 2480K
[    1.146681] Write protecting the kernel read-only data: 20480k
[    1.148950] Freeing unused kernel image memory: 2008K
[    1.150451] Freeing unused kernel image memory: 1820K
[    1.163338] x86/mm: Checked W+X mappings: passed, no W+X pages found.
Loading, please wait...
starting version 237
[    1.226765] e1000: Intel(R) PRO/1000 Network Driver - version 7.3.21-k8-NAPI
[    1.227871] e1000: Copyright (c) 1999-2006 Intel Corporation.
[    1.230164] Fusion MPT base driver 3.04.20
[    1.230881] Copyright (c) 1999-2008 LSI Corporation
[    1.237648] Fusion MPT SPI Host driver 3.04.20
[    1.240965] AVX2 version of gcm_enc/dec engaged.
[    1.241763] AES CTR mode by8 optimization enabled
[    1.451271] input: ImExPS/2 Generic Explorer Mouse as /devices/platform/i8042/serio1/input/input4
[    1.660989] e1000 0000:00:03.0 eth0: (PCI:33MHz:32-bit) 02:3b:7b:b7:3b:2d
[    1.662203] e1000 0000:00:03.0 eth0: Intel(R) PRO/1000 Network Connection
[    1.664148] mptbase: ioc0: Initiating bringup
[    1.772620] ioc0: LSI53C1030 A0: Capabilities={Initiator}
[    2.013661] scsi host2: ioc0: LSI53C1030 A0, FwRev=00000000h, Ports=1, MaxQ=256, IRQ=20
[    2.457068] scsi 2:0:0:0: Direct-Access     VBOX     HARDDISK         1.0  PQ: 0 ANSI: 5
[    2.612159] scsi target2:0:0: Beginning Domain Validation
[    2.614079] scsi target2:0:0: Domain Validation skipping write tests
[    2.615036] scsi target2:0:0: Ending Domain Validation
[    2.616018] scsi target2:0:0: asynchronous
[    2.617363] scsi 2:0:1:0: Direct-Access     VBOX     HARDDISK         1.0  PQ: 0 ANSI: 5
[    2.819340] scsi target2:0:1: Beginning Domain Validation
[    2.821024] scsi target2:0:1: Domain Validation skipping write tests
[    2.821897] scsi target2:0:1: Ending Domain Validation
[    2.822628] scsi target2:0:1: asynchronous
[    2.826608] sd 2:0:0:0: Attached scsi generic sg0 type 0
[    2.827431] sd 2:0:0:0: [sda] 83886080 512-byte logical blocks: (42.9 GB/40.0 GiB)
[    2.828697] sd 2:0:0:0: [sda] Write Protect is off
[    2.829640] sd 2:0:0:0: [sda] Incomplete mode parameter data
[    2.830421] sd 2:0:0:0: [sda] Assuming drive cache: write through
[    2.831582] sd 2:0:1:0: Attached scsi generic sg1 type 0
[    2.832882] sd 2:0:1:0: [sdb] 20480 512-byte logical blocks: (10.5 MB/10.0 MiB)
[    2.833990]  sda: sda1
[    2.834542] sd 2:0:1:0: [sdb] Write Protect is off
[    2.835413] sd 2:0:1:0: [sdb] Incomplete mode parameter data
[    2.836158] sd 2:0:1:0: [sdb] Assuming drive cache: write through
[    2.837168] sd 2:0:0:0: [sda] Attached SCSI disk
[    2.837631] e1000 0000:00:08.0 eth1: (PCI:33MHz:32-bit) 08:00:27:ae:d5:97
[    2.839584] e1000 0000:00:08.0 eth1: Intel(R) PRO/1000 Network Connection
[    2.840043] sd 2:0:1:0: [sdb] Attached SCSI disk
[    2.842169] e1000 0000:00:03.0 enp0s3: renamed from eth0
[    2.853882] e1000 0000:00:08.0 enp0s8: renamed from eth1
Begin: Loading essential drivers ... [    4.576191] raid6: sse2x1   gen()  7787 MB/s
[    4.624181] raid6: sse2x1   xor()  6890 MB/s
[    4.672199] raid6: sse2x2   gen() 15370 MB/s
[    4.720205] raid6: sse2x2   xor()  9888 MB/s
[    4.768168] raid6: sse2x4   gen() 15756 MB/s
[    4.816202] raid6: sse2x4   xor()  8692 MB/s
[    4.864166] raid6: avx2x1   gen() 15615 MB/s
[    4.912186] raid6: avx2x1   xor()  9035 MB/s
[    4.960159] raid6: avx2x2   gen() 18375 MB/s
[    5.008201] raid6: avx2x2   xor() 11267 MB/s
[    5.056174] raid6: avx2x4   gen() 20086 MB/s
[    5.104140] raid6: avx2x4   xor() 10578 MB/s
[    5.104717] raid6: using algorithm avx2x4 gen() 20086 MB/s
[    5.105421] raid6: .... xor() 10578 MB/s, rmw enabled
[    5.106064] raid6: using avx2x2 recovery algorithm
[    5.108066] xor: automatically using best checksumming function   avx       
[    5.110037] async_tx: api initialized (async)
done.
Begin: Running /scripts/init-premount ... done.
Begin: Mounting root file system ... Begin: Running /scripts/local-top ... done.
Begin: Running /scripts/local-premount ... [    5.150569] Btrfs loaded, crc32c=crc32c-intel
Scanning for Btrfs filesystems
done.
Warning: fsck not present, so skipping root file system
[    5.186929] EXT4-fs (sda1): mounted filesystem with ordered data mode. Opts: (null)
done.
Begin: Running /scripts/local-bottom ... done.
Begin: Running /scripts/init-bottom ... done.
[    5.339225] ip_tables: (C) 2000-2006 Netfilter Core Team
[    5.347690] systemd[1]: systemd 237 running in system mode. (+PAM +AUDIT +SELINUX +IMA +APPARMOR +SMACK +SYSVINIT +UTMP +LIBCRYPTSETUP +GCRYPT +GNUTLS +ACL +XZ +LZ4 +SECCOMP +BLKID +ELFUTILS +KMOD -IDN2 +IDN -PCRE2 default-hierarchy=hybrid)
[    5.350975] systemd[1]: Detected virtualization oracle.
[    5.351847] systemd[1]: Detected architecture x86-64.

Welcome to [1mUbuntu 18.04.6 LTS[0m!

[    5.356188] systemd[1]: Set hostname to <ubuntu>.
[    5.358962] systemd[1]: Initializing machine ID from random generator.
[    5.359919] systemd[1]: Installed transient /etc/machine-id file.
[    5.636238] systemd[1]: Started Forward Password Requests to Wall Directory Watch.
[[0;32m  OK  [0m] Started Forward Password Requests to Wall Directory Watch.
[    5.638324] systemd[1]: Reached target Swap.
[[0;32m  OK  [0m] Reached target Swap.
[    5.639352] systemd[1]: Reached target System Time Synchronized.
[[0;32m  OK  [0m] Reached target System Time Synchronized.
[    5.736679] systemd[1]: Created slice System Slice.
[[0;32m  OK  [0m] Created slice System Slice.
[[0;32m  OK  [0m] Listening on udev Control Socket.
[[0;32m  OK  [0m] Listening on fsck to fsckd communication Socket.
[[0;32m  OK  [0m] Listening on LVM2 poll daemon socket.
[[0;32m  OK  [0m] Listening on /dev/initctl Compatibility Named Pipe.
[[0;32m  OK  [0m] Listening on Network Service Netlink Socket.
[[0;32m  OK  [0m] Listening on Syslog Socket.
[[0;32m  OK  [0m] Listening on Journal Audit Socket.
[[0;32m  OK  [0m] Created slice system-serial\x2dgetty.slice.
[[0;32m  OK  [0m] Listening on LVM2 metadata daemon socket.
[[0;32m  OK  [0m] Reached target Mounting snaps.
[[0;32m  OK  [0m] Set up automount Arbitrary Executabâ€¦rmats File System Automount Point.
[[0;32m  OK  [0m] Listening on Journal Socket (/dev/log).
[[0;32m  OK  [0m] Listening on udev Kernel Socket.
[[0;32m  OK  [0m] Listening on Journal Socket.
         Starting Set the console keyboard layout...
         Starting Uncomplicated firewall...
         Starting udev Coldplug all Devices...
         Starting File System Check on Root Device...
         Mounting POSIX Message Queue File System...
         Starting Create list of required stâ€¦ce nodes for the current kernel...
         Starting Journal Service...
         Mounting Kernel Debug File System...
         Mounting Huge Pages File System...
[[0;32m  OK  [0m] Created slice User and Session Slice.
[[0;32m  OK  [0m] Reached target Slices.
[[0;32m  OK  [0m] Listening on Device-mapper event daemon FIFOs.
         Starting Monitoring of LVM2 mirrorsâ€¦ng dmeventd or progress polling...
         Starting Load Kernel Modules...
[[0;32m  OK  [0m] Reached target User and Group Name Lookups.
[[0;32m  OK  [0m] Reached target Mounted snaps.
[[0;32m  OK  [0m] Started Uncomplicated firewall.
[[0;32m  OK  [0m] Started Create list of required staâ€¦vice nodes for the current kernel.
[[0;32m  OK  [0m] Started File System Check Daemon to report status.
         Starting Create Static Device Nodes in /dev...
[[0;32m  OK  [0m] Mounted POSIX Message Queue File System.
[[0;32m  OK  [0m] Mounted Kernel Debug File System.
[[0;32m  OK  [0m] Mounted Huge Pages File System.
[[0;32m  OK  [0m] Started Journal Service.
[[0;32m  OK  [0m] Started udev Coldplug all Devices.
[[0;32m  OK  [0m] Started LVM2 metadata daemon.
[    5.856389] Loading iSCSI transport class v2.0-870.
[    5.861762] iscsi: registered transport (tcp)
[[0;32m  OK  [0m] Started File System Check on Root Device.
         Starting Remount Root and Kernel File Systems...
[[0;32m  OK  [0m] Started Create Static Device Nodes in /dev.
[    5.911646] iscsi: registered transport (iser)
[[0;32m  OK  [0m] Started Load Kernel Modules.
         Starting Apply Kernel Variables...
         Mounting FUSE Control File System...
         Mounting Kernel Configuration File System...
[[0;32m  OK  [0m] Mounted FUSE Control File System.
[[0;32m  OK  [0m] Mounted Kernel Configuration File System.
[[0;32m  OK  [0m] Started Remount Root and Kernel File Systems.
         Starting udev Kernel Device Manager...
         Starting Flush Journal to Persistent Storage...
         Starting Load/Save Random Seed...
[[0;32m  OK  [0m] Started Monitoring of LVM2 mirrors,â€¦sing dmeventd or progress polling.
[[0;32m  OK  [0m] Started Apply Kernel Variables.
[[0;32m  OK  [0m] Started Load/Save Random Seed.
[[0;32m  OK  [0m] Started udev Kernel Device Manager.
[[0;32m  OK  [0m] Started Flush Journal to Persistent Storage.
[[0;32m  OK  [0m] Found device /dev/ttyS0.
[[0;32m  OK  [0m] Listening on Load/Save RF Kill Switch Status /dev/rfkill Watch.
         Mounting Arbitrary Executable File Formats File System...
[[0;32m  OK  [0m] Mounted Arbitrary Executable File Formats File System.
[[0;32m  OK  [0m] Started Set the console keyboard layout.
[[0;32m  OK  [0m] Started Dispatch Password Requests to Console Directory Watch.
[[0;32m  OK  [0m] Reached target Local Encrypted Volumes.
[[0;32m  OK  [0m] Reached target Local File Systems (Pre).
[[0;32m  OK  [0m] Reached target Local File Systems.
         Starting Create Volatile Files and Directories...
         Starting Tell Plymouth To Write Out Runtime Data...
         Starting ebtables ruleset management...
         Starting AppArmor initialization...
         Starting Commit a transient machine-id on disk...
         Starting Set console font and keymap...
[[0;32m  OK  [0m] Started Create Volatile Files and Directories.
[[0;32m  OK  [0m] Started Tell Plymouth To Write Out Runtime Data.
         Starting Update UTMP about System Boot/Shutdown...
[[0;32m  OK  [0m] Started Update UTMP about System Boot/Shutdown.
[[0;32m  OK  [0m] Started Commit a transient machine-id on disk.
[[0;32m  OK  [0m] Started ebtables ruleset management.
[[0;32m  OK  [0m] Started AppArmor initialization.
         Starting Load AppArmor profiles managed internally by snapd...
         Starting Initial cloud-init job (pre-networking)...
[[0;32m  OK  [0m] Started Load AppArmor profiles managed internally by snapd.
[[0;32m  OK  [0m] Started Set console font and keymap.
[    8.267340] cloud-init[857]: Cloud-init v. 23.1.2-0ubuntu0~18.04.1 running 'init-local' at Tue, 21 Jan 2025 10:12:05 +0000. Up 7.97 seconds.
[[0;32m  OK  [0m] Started Initial cloud-init job (pre-networking).
[[0;32m  OK  [0m] Reached target Network (Pre).
         Starting Network Service...
[[0;32m  OK  [0m] Started Network Service.
         Starting Network Name Resolution...
         Starting Wait for Network to be Configured...
[[0;32m  OK  [0m] Started Network Name Resolution.
[[0;32m  OK  [0m] Reached target Host and Network Name Lookups.
[[0;32m  OK  [0m] Reached target Network.
[[0;32m  OK  [0m] Started Wait for Network to be Configured.
         Starting Initial cloud-init job (metadata service crawler)...
[   10.175905] cloud-init[985]: Cloud-init v. 23.1.2-0ubuntu0~18.04.1 running 'init' at Tue, 21 Jan 2025 10:12:07 +0000. Up 10.05 seconds.
[   10.177429] cloud-init[985]: ci-info: ++++++++++++++++++++++++++++++++++++++Net device info+++++++++++++++++++++++++++++++++++++++
[   10.178432] cloud-init[985]: ci-info: +--------+-------+----------------------------+---------------+--------+-------------------+
[   10.179032] cloud-init[985]: ci-info: | Device |   Up  |          Address           |      Mask     | Scope  |     Hw-Address    |
[   10.188210] cloud-init[985]: ci-info: +--------+-------+----------------------------+---------------+--------+-------------------+
[   10.188747] cloud-init[985]: ci-info: | enp0s3 |  True |         10.0.2.15          | 255.255.255.0 | global | 02:3b:7b:b7:3b:2d |
[   10.204216] cloud-init[985]: ci-info: | enp0s3 |  True | fd00::3b:7bff:feb7:3b2d/64 |       .       | global | 02:3b:7b:b7:3b:2d |
[   10.204783] cloud-init[985]: ci-info: | enp0s3 |  True | fe80::3b:7bff:feb7:3b2d/64 |       .       |  link  | 02:3b:7b:b7:3b:2d |
[   10.216228] cloud-init[985]: ci-info: | enp0s8 | False |             .              |       .       |   .    | 08:00:27:ae:d5:97 |
[   10.216726] cloud-init[985]: ci-info: |   lo   |  True |         127.0.0.1          |   255.0.0.0   |  host  |         .         |
[   10.228239] cloud-init[985]: ci-info: |   lo   |  True |          ::1/128           |       .       |  host  |         .         |
[   10.228854] cloud-init[985]: ci-info: +--------+-------+----------------------------+---------------+--------+-------------------+
[   10.240280] cloud-init[985]: ci-info: ++++++++++++++++++++++++++++Route IPv4 info+++++++++++++++++++++++++++++
[   10.240849] cloud-init[985]: ci-info: +-------+-------------+----------+-----------------+-----------+-------+
[   10.241307] cloud-init[985]: ci-info: | Route | Destination | Gateway  |     Genmask     | Interface | Flags |
[   10.252299] cloud-init[985]: ci-info: +-------+-------------+----------+-----------------+-----------+-------+
[   10.252804] cloud-init[985]: ci-info: |   0   |   0.0.0.0   | 10.0.2.2 |     0.0.0.0     |   enp0s3  |   UG  |
[   10.265161] cloud-init[985]: ci-info: |   1   |   10.0.2.0  | 0.0.0.0  |  255.255.255.0  |   enp0s3  |   U   |
[   10.278902] cloud-init[985]: ci-info: |   2   |   10.0.2.2  | 0.0.0.0  | 255.255.255.255 |   enp0s3  |   UH  |
[   10.292205] cloud-init[985]: ci-info: +-------+-------------+----------+-----------------+-----------+-------+
[   10.292726] cloud-init[985]: ci-info: +++++++++++++++++++Route IPv6 info+++++++++++++++++++
[   10.293141] cloud-init[985]: ci-info: +-------+-------------+---------+-----------+-------+
[   10.308391] cloud-init[985]: ci-info: | Route | Destination | Gateway | Interface | Flags |
[   10.308909] cloud-init[985]: ci-info: +-------+-------------+---------+-----------+-------+
[   10.324263] cloud-init[985]: ci-info: |   1   |  fd00::/64  |    ::   |   enp0s3  |   U   |
[   10.324774] cloud-init[985]: ci-info: |   2   |  fe80::/64  |    ::   |   enp0s3  |   U   |
[   10.336303] cloud-init[985]: ci-info: |   3   |     ::/0    | fe80::2 |   enp0s3  |   UG  |
[   10.336906] cloud-init[985]: ci-info: |   5   |    local    |    ::   |   enp0s3  |   U   |
[   10.348786] cloud-init[985]: ci-info: |   6   |   ff00::/8  |    ::   |   enp0s3  |   U   |
[   10.350715] cloud-init[985]: ci-info: +-------+-------------+---------+-----------+-------+
[   11.054428] cloud-init[985]: Generating public/private rsa key pair.
[   11.064373] cloud-init[985]: Your identification has been saved in /etc/ssh/ssh_host_rsa_key.
[   11.064817] cloud-init[985]: Your public key has been saved in /etc/ssh/ssh_host_rsa_key.pub.
[   11.065212] cloud-init[985]: The key fingerprint is:
[   11.065454] cloud-init[985]: SHA256:F41BoxMBa5urpt4WeDbOoiRBQzw1E9PqUVaRigXaA5s root@ubuntu-bionic
[   11.076357] cloud-init[985]: The key's randomart image is:
[   11.076773] cloud-init[985]: +---[RSA 2048]----+
[   11.088380] cloud-init[985]: |.o.B+ o+=o+      |
[   11.100386] cloud-init[985]: |.o* += o o =     |
[   11.100766] cloud-init[985]: | E.o* + o o .    |
[   11.112341] cloud-init[985]: |. .+.o o . .     |
[   11.112667] cloud-init[985]: |. ... o S .      |
[   11.124276] [cloud-init[0;32m  OK  [0m[985]: ] | ...=  . .       |Started Initial cloud-init job (metadata service crawler).

[[0;32m  OK  [0m] Reached target Network is Online.
[   11.136265] cloud-init[985]: |.. = o.          |
[[0;32m  OK  [0m] Reached target Remote File Systems (Pre).
[[   11.148287] [0;32m  OK  [0mcloud-init] [985]: Reached target Remote File Systems.|o ..=.           |

[   11.160624] cloud-init[985]: |.oo=o            |
         Starting Availability of block devices...
[   11.172314] cloud-init[985]: +----[SHA256]-----+
[[0;32m  OK  [0m] Reached target Cloud-config availability.
[   11.184339] cloud-init[985]: Generating public/private dsa key pair.
[   11.185143] cloud-init[985]: Your identification has been saved in /etc/ssh/ssh_host_dsa_key.
[   11.185231] cloud-init[985]: Your public key has been saved in /etc/ssh/ssh_host_dsa_key.pub.
[   11.185289] cloud-init[985]: The key fingerprint is:
[   11.185886] cloud-init[985]: SHA256:K6Cdf/HlPl0s5togd7j6A4O1qV6wirifdxopQDNt35c root@ubuntu-bionic
[   11.186193] cloud-init[985]: The key's randomart image is:
[   11.186479] cloud-init[985]: +---[DSA 1024]----+
[   11.187077] cloud-init[985]: |                 |
[   11.187297] cloud-init[985]: |   .             |
[   11.187506] cloud-init[985]: |  + o            |
[   11.188010] cloud-init[985]: | . + . .  ..     |
[   11.188276] cloud-init[985]: |  . . . SoEo   . |
[   11.188424] cloud-init[985]: |   + o .o== ..o o|
[   11.188883] cloud-init[985]: |  . + + o+o=++.o |
[   11.188986] cloud-init[985]: |   . =.++..o+=o  |
[   11.189260] cloud-init[985]: |  oo+.+=. .+=+.  |
[   11.189511] cloud-init[985]: +----[SHA256]-----+
[   11.189886] cloud-init[985]: Generating public/private ecdsa key pair.
[   11.190245] cloud-init[985]: Your identification has been saved in /etc/ssh/ssh_host_ecdsa_key.
[   11.190512] cloud-init[985]: Your public key has been saved in /etc/ssh/ssh_host_ecdsa_key.pub.
[   11.190984] cloud-init[985]: The key fingerprint is:
[   11.191283] cloud-init[985]: SHA256:+bu7hxF6sNy4NAZvwF9fmvSCbwYCgAm1ErzZl3rbB1I root@ubuntu-bionic
[   11.191646] cloud-init[985]: The key's randomart image is:
[   11.191712] cloud-init[985]: +---[ECDSA 256]---+
[   11.192049] cloud-init[985]: |+o.o             |
[   11.192507] cloud-init[985]: | oo..            |
[   11.192712] cloud-init[985]: |. =  o.          |
[   11.193228] cloud-init[985]: | + . o=E..o . .  |
[   11.193738] cloud-init[985]: |    o .BSB = =   |
[   11.193966] cloud-init[985]: |   . o .&.* = .  |
[   11.194247] cloud-init[985]: |    . ++.=.= .   |
[   11.194534] cloud-init[985]: |     . .....=    |
[   11.194799] cloud-init[985]: |        . =B     |
[   11.195062] cloud-init[985]: +----[SHA256]-----+
[   11.195378] cloud-init[985]: Generating public/private ed25519 key pair.
[   11.195688] cloud-init[985]: Your identification has been saved in /etc/ssh/ssh_host_ed25519_key.
[   11.196025] cloud-init[985]: Your public key has been saved in /etc/ssh/ssh_host_ed25519_key.pub.
[   11.196340] cloud-init[985]: The key fingerprint is:
[   11.196570] cloud-init[985]: SHA256:0LvoS3U07LELxHKya4G+q4s/tB07wXSdTvoqkx0ZErE root@ubuntu-bionic
[   11.197063] cloud-init[985]: The key's randomart image is:
[   11.197520] cloud-init[985]: +--[ED25519 256]--+
[   11.197586] cloud-init[985]: |    ..           |
[   11.198036] cloud-init[985]: |    .. o .       |
[   11.198501] cloud-init[985]: |    E.+.=.=      |
[   11.198770] cloud-init[985]: |    o.oB++ +     |
[   11.199048] cloud-init[985]: |   o.oo*S +      |
[   11.199356] cloud-init[985]: |  ..+ +=.+ .     |
[   11.199685] cloud-init[985]: | . o.*=o. .      |
[   11.199836] cloud-init[985]: | .o B=. .        |
[   11.200138] cloud-init[985]: |..++o=+o         |
[   11.200187] cloud-init[985]: +----[SHA256]-----+
[[0;32m  OK  [0m] Reached target System Initialization.
[[0;32m  OK  [0m] Started Daily apt download activities.
[[0;32m  OK  [0m] Started Daily apt upgrade and clean activities.
[[0;32m  OK  [0m] Started Message of the Day.
         Starting Socket activation for snappy daemon.
[[0;32m  OK  [0m] Listening on ACPID Listen Socket.
[[0;32m  OK  [0m] Listening on UUID daemon activation socket.
         Starting LXD - unix socket.
[[0;32m  OK  [0m] Started ACPI Events Check.
[[0;32m  OK  [0m] Reached target Paths.
[[0;32m  OK  [0m] Started Ubuntu Advantage Timer for running repeated jobs.
[[0;32m  OK  [0m] Listening on cloud-init hotplug hook socket.
[[0;32m  OK  [0m] Listening on D-Bus System Message Bus Socket.
[[0;32m  OK  [0m] Started Daily Cleanup of Temporary Directories.
[[0;32m  OK  [0m] Started Discard unused blocks once a week.
[[0;32m  OK  [0m] Reached target Timers.
[[0;32m  OK  [0m] Listening on Open-iSCSI iscsid Socket.
[[0;32m  OK  [0m] Started Availability of block devices.
[[0;32m  OK  [0m] Listening on Socket activation for snappy daemon.
[[0;32m  OK  [0m] Listening on LXD - unix socket.
[[0;32m  OK  [0m] Reached target Sockets.
[[0;32m  OK  [0m] Reached target Basic System.
         Starting Dispatcher daemon for systemd-networkd...
         Starting Accounts Service...
         Starting Permit User Sessions...
         Starting LSB: automatic crash report generation...
[[0;32m  OK  [0m] Started D-Bus System Message Bus.
         Starting LXD - container startup/shutdown...
         Starting Login Service...
[[0;32m  OK  [0m] Started Deferred execution scheduler.
[[0;32m  OK  [0m] Reached target Login Prompts (Pre).
         Starting LSB: Record successful boot for GRUB...
         Starting System Logging Service...
[[0;32m  OK  [0m] Started Regular background program processing daemon.
         Starting Pollinate to seed the pseudo random number generator...
         Starting Virtualbox guest utils...
[[0;32m  OK  [0m] Started FUSE filesystem for LXC.
[[0;32m  OK  [0m] Started irqbalance daemon.
         Starting Snap Daemon...
[[0;32m  OK  [0m] Started System Logging Service.
[[0;32m  OK  [0m] Started Permit User Sessions.
[[0;32m  OK  [0m] Started LXD - container startup/shutdown.
[[0;32m  OK  [0m] Started Login Service.
         Starting Authorization Manager...
[[0;32m  OK  [0m] Started Unattended Upgrades Shutdown.
         Starting Hostname Service...
         Starting Terminate Plymouth Boot Screen...
         Starting Hold until boot process finishes up...
[[0;32m  OK  [0m] Started Hold until boot process finishes up.
         Starting Set console scheme...
[[0;32m  OK  [0m] Started Serial Getty on ttyS0.
[[0;32m  OK  [0m] Started Terminate Plymouth Boot Screen.
[[0;32m  OK  [0m] Started Authorization Manager.
[[0;32m  OK  [0m] Started Accounts Service.
[[0;32m  OK  [0m] Started LSB: automatic crash report generation.
[[0;32m  OK  [0m] Started Set console scheme.
[[0;32m  OK  [0m] Created slice system-getty.slice.
[[0;32m  OK  [0m] Started Getty on tty1.
[[0;32m  OK  [0m] Reached target Login Prompts.
[[0;32m  OK  [0m] Started Hostname Service.
[[0;32m  OK  [0m] Started LSB: Record successful boot for GRUB.
[[0;32m  OK  [0m] Started Virtualbox guest utils.
[[0;32m  OK  [0m] Started Dispatcher daemon for systemd-networkd.
[[0;32m  OK  [0m] Started Snap Daemon.
         Starting Wait until snapd is fully seeded...
[[0;32m  OK  [0m] Started Pollinate to seed the pseudo random number generator.
         Starting OpenBSD Secure Shell server...
[[0;32m  OK  [0m] Started OpenBSD Secure Shell server.
[[0;32m  OK  [0m] Created slice User Slice of vagrant.
         Starting User Manager for UID 1000...
[[0;32m  OK  [0m] Started Session 1 of user vagrant.
[[0;32m  OK  [0m] Started User Manager for UID 1000.
         Starting Time & Date Service...
[[0;32m  OK  [0m] Started Time & Date Service.
[[0;32m  OK  [0m] Started Wait until snapd is fully seeded.
         Starting Apply the settings specified in cloud-config...
[   15.000565] cloud-init[1672]: Cloud-init v. 23.1.2-0ubuntu0~18.04.1 running 'modules:config' at Tue, 21 Jan 2025 10:12:12 +0000. Up 14.69 seconds.
[[0;32m  OK  [0m] Started Apply the settings specified in cloud-config.
[[0;32m  OK  [0m] Reached target Multi-User System.
[[0;32m  OK  [0m] Reached target Graphical Interface.
         Starting Update UTMP about System Runlevel Changes...
         Starting Execute cloud user/final scripts...
[[0;32m  OK  [0m] Started Update UTMP about System Runlevel Changes.
ci-info: no authorized SSH keys fingerprints found for user ubuntu.
<14>Jan 21 10:12:13 cloud-init: #############################################################
<14>Jan 21 10:12:13 cloud-init: -----BEGIN SSH HOST KEY FINGERPRINTS-----
<14>Jan 21 10:12:13 cloud-init: 1024 SHA256:K6Cdf/HlPl0s5togd7j6A4O1qV6wirifdxopQDNt35c root@ubuntu-bionic (DSA)
<14>Jan 21 10:12:13 cloud-init: 256 SHA256:+bu7hxF6sNy4NAZvwF9fmvSCbwYCgAm1ErzZl3rbB1I root@ubuntu-bionic (ECDSA)
<14>Jan 21 10:12:13 cloud-init: 256 SHA256:0LvoS3U07LELxHKya4G+q4s/tB07wXSdTvoqkx0ZErE root@ubuntu-bionic (ED25519)
<14>Jan 21 10:12:13 cloud-init: 2048 SHA256:F41BoxMBa5urpt4WeDbOoiRBQzw1E9PqUVaRigXaA5s root@ubuntu-bionic (RSA)
<14>Jan 21 10:12:13 cloud-init: -----END SSH HOST KEY FINGERPRINTS-----
<14>Jan 21 10:12:13 cloud-init: #############################################################
-----BEGIN SSH HOST KEY KEYS-----
ecdsa-sha2-nistp256 AAAAE2VjZHNhLXNoYTItbmlzdHAyNTYAAAAIbmlzdHAyNTYAAABBBHY6+v7f5/iI2siMLb4aJdiyrMfDNHDM0GeivOI3gLgMuWEAf+2MmpuXGLoTlFpCltsUTiOnorzuu1BNrJc5NmY= root@ubuntu-bionic
ssh-ed25519 AAAAC3NzaC1lZDI1NTE5AAAAIBiZcXXqJ+0qVLJ8dbbYo6RtmPacGR5c5EJo7s8ZuuZ3 root@ubuntu-bionic
ssh-rsa AAAAB3NzaC1yc2EAAAADAQABAAABAQDGmqqIW+i3Lk4CjE3LllJLkoPgt3AGdZqBQP6WN4YcVZ1UNVdS3QP10OrS6yybMO8vHWN30EaPP9Iokxyuv+Qb4GVUKUTH26wsoIKWillahHyFRWVcFtjLOcMSOs7UAYzFiMoCBwcrP15LfNdVsjW8uvqQWY61IOu/yz+uQktUlJE9jhMgVxKmbyaVacNtdefgaFNKOEiy1c83BFujrEjbau9VU/Ik2dHG5bcYCsUqNPVtBHEwADwaYmuBwnxi+N4aDQu3FUvGgnD2sMCvQmeqFcPnFSBu2XbE/k6uP8nnTXb3fyJ9F8O6/XKxf38hgmjGK6Z+ZHVuTCwaC4Pit4qL root@ubuntu-bionic
-----END SSH HOST KEY KEYS-----
[   15.665703] cloud-init[1769]: Cloud-init v. 23.1.2-0ubuntu0~18.04.1 running 'modules:final' at Tue, 21 Jan 2025 10:12:13 +0000. Up 15.48 seconds.
[   15.666858] cloud-init[1769]: Cloud-init v. 23.1.2-0ubuntu0~18.04.1 finished at Tue, 21 Jan 2025 10:12:13 +0000. Datasource DataSourceNoCloud [seed=/dev/sdb][dsmode=net].  Up 15.65 seconds
[[0;32m  OK  [0m] Started Execute cloud user/final scripts.
[[0;32m  OK  [0m] Reached target Cloud-init target.

Ubuntu 18.04.6 LTS ubuntu-bionic ttyS0

ubuntu-bionic login: 